// Jest Snapshot v1, https://goo.gl/fbAQLP

exports[`insert-mediaGroup.ts: Inserts a media group on comment 1`] = `
Object {
  "content": Array [
    Object {
      "content": Array [
        Object {
          "text": "some text",
          "type": "text",
        },
      ],
      "type": "paragraph",
    },
    Object {
      "content": Array [
        Object {
          "attrs": Object {
            "__fileName": "example.png",
            "collection": "MediaServicesSample",
            "id": "1234-5678-abcd-efgh",
            "type": "file",
          },
          "type": "media",
        },
      ],
      "type": "mediaGroup",
    },
    Object {
      "type": "paragraph",
    },
  ],
  "type": "doc",
  "version": 1,
}
`;
