// Jest Snapshot v1, https://goo.gl/fbAQLP

exports[`upload-external-media.ts: Uplaods external media when pasted 1`] = `
Object {
  "content": Array [
    Object {
      "attrs": Object {
        "layout": "center",
        "width": null,
      },
      "content": Array [
        Object {
          "attrs": Object {
            "__contextId": "DUMMY-OBJECT-ID",
            "__displayType": null,
            "__external": true,
            "__fileMimeType": "image/webp",
            "__fileName": "example.png",
            "__fileSize": 66202,
            "collection": "MediaServicesSample",
            "height": 619,
            "id": "1234-5678-abcd-efgh",
            "occurrenceKey": "12345678-9abc-def0-1234-56789abcdef0",
            "type": "file",
            "url": null,
            "width": 1100,
          },
          "type": "media",
        },
      ],
      "type": "mediaSingle",
    },
  ],
  "type": "doc",
}
`;
