// Jest Snapshot v1, https://goo.gl/fbAQLP

exports[`status.ts: Insert date into list, continue, then click back on date 1`] = `
Object {
  "content": Array [
    Object {
      "content": Array [
        Object {
          "content": Array [
            Object {
              "content": Array [
                Object {
                  "text": "abc ",
                  "type": "text",
                },
                Object {
                  "attrs": Object {
                    "timestamp": "1557187200000",
                  },
                  "type": "date",
                },
                Object {
                  "text": " def",
                  "type": "text",
                },
              ],
              "type": "paragraph",
            },
          ],
          "type": "listItem",
        },
      ],
      "type": "bulletList",
    },
  ],
  "type": "doc",
}
`;
