// Jest Snapshot v1, https://goo.gl/fbAQLP

exports[`select-extension.ts: Select blockCard with other contents from bottom to top 1`] = `
Object {
  "content": Array [
    Object {
      "type": "paragraph",
    },
  ],
  "type": "doc",
}
`;

exports[`select-extension.ts: Select blockCard with other contents from top to bottom 1`] = `
Object {
  "content": Array [
    Object {
      "type": "paragraph",
    },
  ],
  "type": "doc",
}
`;

exports[`select-extension.ts: Select blockExtension with other contents from bottom to top 1`] = `
Object {
  "content": Array [
    Object {
      "type": "paragraph",
    },
  ],
  "type": "doc",
}
`;

exports[`select-extension.ts: Select bodiedExtension with other contents from bottom to top 1`] = `
Object {
  "content": Array [
    Object {
      "type": "paragraph",
    },
  ],
  "type": "doc",
}
`;

exports[`select-extension.ts: Select bodiedExtension with other contents from top to bottom 1`] = `
Object {
  "content": Array [
    Object {
      "type": "paragraph",
    },
  ],
  "type": "doc",
}
`;

exports[`select-extension.ts: Select mediaSingle with other contents from bottom to top 1`] = `
Object {
  "content": Array [
    Object {
      "type": "paragraph",
    },
  ],
  "type": "doc",
}
`;

exports[`select-extension.ts: Select mediaSingle with other contents from top to bottom 1`] = `
Object {
  "content": Array [
    Object {
      "type": "paragraph",
    },
  ],
  "type": "doc",
}
`;

exports[`select-extension.ts: Select smartLink with other contents from bottom to top 1`] = `
Object {
  "content": Array [
    Object {
      "type": "paragraph",
    },
  ],
  "type": "doc",
}
`;

exports[`select-extension.ts: Select smartLink with other contents from top to bottom 1`] = `
Object {
  "content": Array [
    Object {
      "type": "paragraph",
    },
  ],
  "type": "doc",
}
`;
