// Jest Snapshot v1, https://goo.gl/fbAQLP

exports[`Lazy Content styled should override LazilyRender with a 100% dimensions 1`] = `
.c0 {
  width: 100%;
  height: 100%;
}

<div
  className="c0"
/>
`;
