// Jest Snapshot v1, https://goo.gl/fbAQLP

exports[`ItemPrimitiveBase should allow applying custom styles 1`] = `
<BeforeOrAfterComponent
  isActive={false}
  isDragging={false}
  isFocused={false}
  isHover={false}
  isSelected={false}
  spacing="default"
/>
"item content"
"subtext"
<BeforeOrAfterComponent
  isActive={false}
  isDragging={false}
  isFocused={false}
  isHover={false}
  isSelected={false}
  spacing="default"
/>
`;
