// Jest Snapshot v1, https://goo.gl/fbAQLP

exports[`Should delete merged columns from contextual menu and append missing cells to the table 1`] = `
Object {
  "content": Array [
    Object {
      "attrs": Object {
        "isNumberColumnEnabled": false,
        "layout": "default",
      },
      "content": Array [
        Object {
          "content": Array [
            Object {
              "attrs": Object {
                "background": "#ffffff",
                "colwidth": Array [
                  157,
                ],
              },
              "content": Array [
                Object {
                  "content": Array [
                    Object {
                      "text": "1",
                      "type": "text",
                    },
                  ],
                  "type": "paragraph",
                },
              ],
              "type": "tableHeader",
            },
            Object {
              "attrs": Object {
                "background": "#e6fcff",
                "colwidth": Array [
                  282,
                ],
              },
              "content": Array [
                Object {
                  "content": Array [
                    Object {
                      "text": "3",
                      "type": "text",
                    },
                  ],
                  "type": "paragraph",
                },
              ],
              "type": "tableHeader",
            },
            Object {
              "attrs": Object {
                "background": "#eae6ff",
                "colwidth": Array [
                  85,
                ],
              },
              "content": Array [
                Object {
                  "content": Array [
                    Object {
                      "text": "4",
                      "type": "text",
                    },
                  ],
                  "type": "paragraph",
                },
              ],
              "type": "tableHeader",
            },
            Object {
              "attrs": Object {
                "background": "#ffffff",
                "colwidth": Array [
                  156,
                ],
              },
              "content": Array [
                Object {
                  "content": Array [
                    Object {
                      "text": "5",
                      "type": "text",
                    },
                  ],
                  "type": "paragraph",
                },
              ],
              "type": "tableHeader",
            },
          ],
          "type": "tableRow",
        },
        Object {
          "content": Array [
            Object {
              "attrs": Object {
                "background": "#e6fcff",
                "colwidth": Array [
                  157,
                ],
              },
              "content": Array [
                Object {
                  "content": Array [
                    Object {
                      "text": "2",
                      "type": "text",
                    },
                  ],
                  "type": "paragraph",
                },
              ],
              "type": "tableCell",
            },
            Object {
              "attrs": Object {
                "background": "#fffae6",
                "colwidth": Array [
                  282,
                ],
              },
              "content": Array [
                Object {
                  "type": "paragraph",
                },
              ],
              "type": "tableCell",
            },
            Object {
              "attrs": Object {
                "background": "#fffae6",
                "colwidth": Array [
                  85,
                ],
              },
              "content": Array [
                Object {
                  "type": "paragraph",
                },
              ],
              "type": "tableCell",
            },
            Object {
              "attrs": Object {
                "background": "#e6fcff",
                "colwidth": Array [
                  156,
                ],
              },
              "content": Array [
                Object {
                  "content": Array [
                    Object {
                      "text": "2",
                      "type": "text",
                    },
                  ],
                  "type": "paragraph",
                },
              ],
              "type": "tableCell",
            },
          ],
          "type": "tableRow",
        },
        Object {
          "content": Array [
            Object {
              "attrs": Object {
                "background": "#ffebe6",
                "colwidth": Array [
                  157,
                ],
              },
              "content": Array [
                Object {
                  "content": Array [
                    Object {
                      "text": "3",
                      "type": "text",
                    },
                  ],
                  "type": "paragraph",
                },
              ],
              "type": "tableCell",
            },
            Object {
              "attrs": Object {
                "background": "#fffae6",
                "colwidth": Array [
                  282,
                ],
              },
              "content": Array [
                Object {
                  "type": "paragraph",
                },
              ],
              "type": "tableCell",
            },
            Object {
              "attrs": Object {
                "background": "#fffae6",
                "colwidth": Array [
                  85,
                ],
              },
              "content": Array [
                Object {
                  "type": "paragraph",
                },
              ],
              "type": "tableCell",
            },
            Object {
              "attrs": Object {
                "background": "#ffebe6",
                "colwidth": Array [
                  156,
                ],
              },
              "content": Array [
                Object {
                  "content": Array [
                    Object {
                      "text": "3",
                      "type": "text",
                    },
                  ],
                  "type": "paragraph",
                },
              ],
              "type": "tableCell",
            },
          ],
          "type": "tableRow",
        },
        Object {
          "content": Array [
            Object {
              "attrs": Object {
                "background": "#e3fcef",
                "colwidth": Array [
                  157,
                ],
              },
              "content": Array [
                Object {
                  "content": Array [
                    Object {
                      "text": "4",
                      "type": "text",
                    },
                  ],
                  "type": "paragraph",
                },
              ],
              "type": "tableCell",
            },
            Object {
              "attrs": Object {
                "background": "#fffae6",
                "colwidth": Array [
                  282,
                ],
              },
              "content": Array [
                Object {
                  "type": "paragraph",
                },
              ],
              "type": "tableCell",
            },
            Object {
              "attrs": Object {
                "background": "#fffae6",
                "colwidth": Array [
                  85,
                ],
              },
              "content": Array [
                Object {
                  "type": "paragraph",
                },
              ],
              "type": "tableCell",
            },
            Object {
              "attrs": Object {
                "background": "#e3fcef",
                "colwidth": Array [
                  156,
                ],
              },
              "content": Array [
                Object {
                  "content": Array [
                    Object {
                      "text": "4",
                      "type": "text",
                    },
                  ],
                  "type": "paragraph",
                },
              ],
              "type": "tableCell",
            },
          ],
          "type": "tableRow",
        },
        Object {
          "content": Array [
            Object {
              "attrs": Object {
                "background": "#ffffff",
                "colwidth": Array [
                  157,
                ],
              },
              "content": Array [
                Object {
                  "content": Array [
                    Object {
                      "text": "5",
                      "type": "text",
                    },
                  ],
                  "type": "paragraph",
                },
              ],
              "type": "tableCell",
            },
            Object {
              "attrs": Object {
                "background": "#e6fcff",
                "colwidth": Array [
                  282,
                ],
              },
              "content": Array [
                Object {
                  "content": Array [
                    Object {
                      "text": "3",
                      "type": "text",
                    },
                  ],
                  "type": "paragraph",
                },
              ],
              "type": "tableCell",
            },
            Object {
              "attrs": Object {
                "background": "#eae6ff",
                "colwidth": Array [
                  85,
                ],
              },
              "content": Array [
                Object {
                  "content": Array [
                    Object {
                      "text": "4",
                      "type": "text",
                    },
                  ],
                  "type": "paragraph",
                },
              ],
              "type": "tableCell",
            },
            Object {
              "attrs": Object {
                "background": "#ffffff",
                "colwidth": Array [
                  156,
                ],
              },
              "content": Array [
                Object {
                  "content": Array [
                    Object {
                      "text": "5",
                      "type": "text",
                    },
                  ],
                  "type": "paragraph",
                },
              ],
              "type": "tableCell",
            },
          ],
          "type": "tableRow",
        },
      ],
      "type": "table",
    },
  ],
  "type": "doc",
  "version": 1,
}
`;

exports[`Should delete merged columns from contextual menu and decrement colspan of the spanning cell 1`] = `
Object {
  "content": Array [
    Object {
      "attrs": Object {
        "isNumberColumnEnabled": false,
        "layout": "default",
      },
      "content": Array [
        Object {
          "content": Array [
            Object {
              "attrs": Object {
                "background": "#ffffff",
                "colwidth": Array [
                  214,
                ],
              },
              "content": Array [
                Object {
                  "content": Array [
                    Object {
                      "text": "1",
                      "type": "text",
                    },
                  ],
                  "type": "paragraph",
                },
              ],
              "type": "tableHeader",
            },
            Object {
              "attrs": Object {
                "background": "#deebff",
                "colwidth": Array [
                  137,
                ],
              },
              "content": Array [
                Object {
                  "content": Array [
                    Object {
                      "text": "2",
                      "type": "text",
                    },
                  ],
                  "type": "paragraph",
                },
              ],
              "type": "tableHeader",
            },
            Object {
              "attrs": Object {
                "background": "#eae6ff",
                "colwidth": Array [
                  116,
                ],
              },
              "content": Array [
                Object {
                  "content": Array [
                    Object {
                      "text": "4",
                      "type": "text",
                    },
                  ],
                  "type": "paragraph",
                },
              ],
              "type": "tableHeader",
            },
            Object {
              "attrs": Object {
                "background": "#ffffff",
                "colwidth": Array [
                  213,
                ],
              },
              "content": Array [
                Object {
                  "content": Array [
                    Object {
                      "text": "5",
                      "type": "text",
                    },
                  ],
                  "type": "paragraph",
                },
              ],
              "type": "tableHeader",
            },
          ],
          "type": "tableRow",
        },
        Object {
          "content": Array [
            Object {
              "attrs": Object {
                "background": "#e6fcff",
                "colwidth": Array [
                  214,
                ],
              },
              "content": Array [
                Object {
                  "content": Array [
                    Object {
                      "text": "2",
                      "type": "text",
                    },
                  ],
                  "type": "paragraph",
                },
              ],
              "type": "tableCell",
            },
            Object {
              "attrs": Object {
                "background": "#fffae6",
                "colspan": 2,
                "colwidth": Array [
                  137,
                  116,
                ],
                "rowspan": 3,
              },
              "content": Array [
                Object {
                  "type": "paragraph",
                },
              ],
              "type": "tableCell",
            },
            Object {
              "attrs": Object {
                "background": "#e6fcff",
                "colwidth": Array [
                  213,
                ],
              },
              "content": Array [
                Object {
                  "content": Array [
                    Object {
                      "text": "2",
                      "type": "text",
                    },
                  ],
                  "type": "paragraph",
                },
              ],
              "type": "tableCell",
            },
          ],
          "type": "tableRow",
        },
        Object {
          "content": Array [
            Object {
              "attrs": Object {
                "background": "#ffebe6",
                "colwidth": Array [
                  214,
                ],
              },
              "content": Array [
                Object {
                  "content": Array [
                    Object {
                      "text": "3",
                      "type": "text",
                    },
                  ],
                  "type": "paragraph",
                },
              ],
              "type": "tableCell",
            },
            Object {
              "attrs": Object {
                "background": "#ffebe6",
                "colwidth": Array [
                  213,
                ],
              },
              "content": Array [
                Object {
                  "content": Array [
                    Object {
                      "text": "3",
                      "type": "text",
                    },
                  ],
                  "type": "paragraph",
                },
              ],
              "type": "tableCell",
            },
          ],
          "type": "tableRow",
        },
        Object {
          "content": Array [
            Object {
              "attrs": Object {
                "background": "#e3fcef",
                "colwidth": Array [
                  214,
                ],
              },
              "content": Array [
                Object {
                  "content": Array [
                    Object {
                      "text": "4",
                      "type": "text",
                    },
                  ],
                  "type": "paragraph",
                },
              ],
              "type": "tableCell",
            },
            Object {
              "attrs": Object {
                "background": "#e3fcef",
                "colwidth": Array [
                  213,
                ],
              },
              "content": Array [
                Object {
                  "content": Array [
                    Object {
                      "text": "4",
                      "type": "text",
                    },
                  ],
                  "type": "paragraph",
                },
              ],
              "type": "tableCell",
            },
          ],
          "type": "tableRow",
        },
        Object {
          "content": Array [
            Object {
              "attrs": Object {
                "background": "#ffffff",
                "colwidth": Array [
                  214,
                ],
              },
              "content": Array [
                Object {
                  "content": Array [
                    Object {
                      "text": "5",
                      "type": "text",
                    },
                  ],
                  "type": "paragraph",
                },
              ],
              "type": "tableCell",
            },
            Object {
              "attrs": Object {
                "background": "#deebff",
                "colwidth": Array [
                  137,
                ],
              },
              "content": Array [
                Object {
                  "content": Array [
                    Object {
                      "text": "2",
                      "type": "text",
                    },
                  ],
                  "type": "paragraph",
                },
              ],
              "type": "tableCell",
            },
            Object {
              "attrs": Object {
                "background": "#eae6ff",
                "colwidth": Array [
                  116,
                ],
              },
              "content": Array [
                Object {
                  "content": Array [
                    Object {
                      "text": "4",
                      "type": "text",
                    },
                  ],
                  "type": "paragraph",
                },
              ],
              "type": "tableCell",
            },
            Object {
              "attrs": Object {
                "background": "#ffffff",
                "colwidth": Array [
                  213,
                ],
              },
              "content": Array [
                Object {
                  "content": Array [
                    Object {
                      "text": "5",
                      "type": "text",
                    },
                  ],
                  "type": "paragraph",
                },
              ],
              "type": "tableCell",
            },
          ],
          "type": "tableRow",
        },
      ],
      "type": "table",
    },
  ],
  "type": "doc",
  "version": 1,
}
`;
