// Jest Snapshot v1, https://goo.gl/fbAQLP

exports[`Maintains the default layout size without overflow when toggling through layouts 1`] = `
Object {
  "content": Array [
    Object {
      "attrs": Object {
        "__autoSize": false,
        "isNumberColumnEnabled": false,
        "layout": "default",
      },
      "content": Array [
        Object {
          "content": Array [
            Object {
              "attrs": Object {
                "background": null,
                "colspan": 1,
                "colwidth": Array [
                  340,
                ],
                "rowspan": 1,
              },
              "content": Array [
                Object {
                  "type": "paragraph",
                },
              ],
              "type": "tableHeader",
            },
            Object {
              "attrs": Object {
                "background": null,
                "colspan": 1,
                "colwidth": Array [
                  339,
                ],
                "rowspan": 1,
              },
              "content": Array [
                Object {
                  "type": "paragraph",
                },
              ],
              "type": "tableHeader",
            },
          ],
          "type": "tableRow",
        },
        Object {
          "content": Array [
            Object {
              "attrs": Object {
                "background": null,
                "colspan": 1,
                "colwidth": Array [
                  340,
                ],
                "rowspan": 2,
              },
              "content": Array [
                Object {
                  "type": "paragraph",
                },
              ],
              "type": "tableCell",
            },
            Object {
              "attrs": Object {
                "background": null,
                "colspan": 1,
                "colwidth": Array [
                  339,
                ],
                "rowspan": 1,
              },
              "content": Array [
                Object {
                  "type": "paragraph",
                },
              ],
              "type": "tableCell",
            },
          ],
          "type": "tableRow",
        },
        Object {
          "content": Array [
            Object {
              "attrs": Object {
                "background": null,
                "colspan": 1,
                "colwidth": Array [
                  339,
                ],
                "rowspan": 1,
              },
              "content": Array [
                Object {
                  "type": "paragraph",
                },
              ],
              "type": "tableCell",
            },
          ],
          "type": "tableRow",
        },
        Object {
          "content": Array [
            Object {
              "attrs": Object {
                "background": null,
                "colspan": 1,
                "colwidth": Array [
                  340,
                ],
                "rowspan": 1,
              },
              "content": Array [
                Object {
                  "type": "paragraph",
                },
              ],
              "type": "tableCell",
            },
            Object {
              "attrs": Object {
                "background": null,
                "colspan": 1,
                "colwidth": Array [
                  339,
                ],
                "rowspan": 1,
              },
              "content": Array [
                Object {
                  "type": "paragraph",
                },
              ],
              "type": "tableCell",
            },
          ],
          "type": "tableRow",
        },
      ],
      "type": "table",
    },
    Object {
      "type": "paragraph",
    },
  ],
  "type": "doc",
}
`;

exports[`Remains in overflow on table scale to full width 1`] = `
Object {
  "content": Array [
    Object {
      "attrs": Object {
        "__autoSize": false,
        "isNumberColumnEnabled": false,
        "layout": "full-width",
      },
      "content": Array [
        Object {
          "content": Array [
            Object {
              "attrs": Object {
                "background": null,
                "colspan": 1,
                "colwidth": Array [
                  596,
                ],
                "rowspan": 1,
              },
              "content": Array [
                Object {
                  "type": "paragraph",
                },
              ],
              "type": "tableHeader",
            },
            Object {
              "attrs": Object {
                "background": null,
                "colspan": 1,
                "colwidth": Array [
                  1224,
                ],
                "rowspan": 1,
              },
              "content": Array [
                Object {
                  "type": "paragraph",
                },
              ],
              "type": "tableHeader",
            },
            Object {
              "attrs": Object {
                "background": null,
                "colspan": 1,
                "colwidth": Array [
                  125,
                ],
                "rowspan": 1,
              },
              "content": Array [
                Object {
                  "type": "paragraph",
                },
              ],
              "type": "tableHeader",
            },
          ],
          "type": "tableRow",
        },
        Object {
          "content": Array [
            Object {
              "attrs": Object {
                "background": null,
                "colspan": 1,
                "colwidth": Array [
                  596,
                ],
                "rowspan": 1,
              },
              "content": Array [
                Object {
                  "type": "paragraph",
                },
              ],
              "type": "tableCell",
            },
            Object {
              "attrs": Object {
                "background": null,
                "colspan": 1,
                "colwidth": Array [
                  1224,
                ],
                "rowspan": 1,
              },
              "content": Array [
                Object {
                  "type": "paragraph",
                },
              ],
              "type": "tableCell",
            },
            Object {
              "attrs": Object {
                "background": null,
                "colspan": 1,
                "colwidth": Array [
                  125,
                ],
                "rowspan": 1,
              },
              "content": Array [
                Object {
                  "type": "paragraph",
                },
              ],
              "type": "tableCell",
            },
          ],
          "type": "tableRow",
        },
        Object {
          "content": Array [
            Object {
              "attrs": Object {
                "background": null,
                "colspan": 1,
                "colwidth": Array [
                  596,
                ],
                "rowspan": 1,
              },
              "content": Array [
                Object {
                  "type": "paragraph",
                },
              ],
              "type": "tableCell",
            },
            Object {
              "attrs": Object {
                "background": null,
                "colspan": 1,
                "colwidth": Array [
                  1224,
                ],
                "rowspan": 1,
              },
              "content": Array [
                Object {
                  "type": "paragraph",
                },
              ],
              "type": "tableCell",
            },
            Object {
              "attrs": Object {
                "background": null,
                "colspan": 1,
                "colwidth": Array [
                  125,
                ],
                "rowspan": 1,
              },
              "content": Array [
                Object {
                  "type": "paragraph",
                },
              ],
              "type": "tableCell",
            },
          ],
          "type": "tableRow",
        },
      ],
      "type": "table",
    },
  ],
  "type": "doc",
}
`;

exports[`Maintains the wide layout size without overflow with dynamic text sizing 1`] = `
Object {
  "content": Array [
    Object {
      "attrs": Object {
        "__autoSize": false,
        "isNumberColumnEnabled": false,
        "layout": "wide",
      },
      "content": Array [
        Object {
          "content": Array [
            Object {
              "attrs": Object {
                "background": null,
                "colspan": 1,
                "colwidth": Array [
                  481,
                ],
                "rowspan": 1,
              },
              "content": Array [
                Object {
                  "type": "paragraph",
                },
              ],
              "type": "tableHeader",
            },
            Object {
              "attrs": Object {
                "background": null,
                "colspan": 1,
                "colwidth": Array [
                  478,
                ],
                "rowspan": 1,
              },
              "content": Array [
                Object {
                  "type": "paragraph",
                },
              ],
              "type": "tableHeader",
            },
          ],
          "type": "tableRow",
        },
        Object {
          "content": Array [
            Object {
              "attrs": Object {
                "background": null,
                "colspan": 1,
                "colwidth": Array [
                  481,
                ],
                "rowspan": 2,
              },
              "content": Array [
                Object {
                  "type": "paragraph",
                },
              ],
              "type": "tableCell",
            },
            Object {
              "attrs": Object {
                "background": null,
                "colspan": 1,
                "colwidth": Array [
                  478,
                ],
                "rowspan": 1,
              },
              "content": Array [
                Object {
                  "type": "paragraph",
                },
              ],
              "type": "tableCell",
            },
          ],
          "type": "tableRow",
        },
        Object {
          "content": Array [
            Object {
              "attrs": Object {
                "background": null,
                "colspan": 1,
                "colwidth": Array [
                  478,
                ],
                "rowspan": 1,
              },
              "content": Array [
                Object {
                  "type": "paragraph",
                },
              ],
              "type": "tableCell",
            },
          ],
          "type": "tableRow",
        },
        Object {
          "content": Array [
            Object {
              "attrs": Object {
                "background": null,
                "colspan": 1,
                "colwidth": Array [
                  481,
                ],
                "rowspan": 1,
              },
              "content": Array [
                Object {
                  "type": "paragraph",
                },
              ],
              "type": "tableCell",
            },
            Object {
              "attrs": Object {
                "background": null,
                "colspan": 1,
                "colwidth": Array [
                  478,
                ],
                "rowspan": 1,
              },
              "content": Array [
                Object {
                  "type": "paragraph",
                },
              ],
              "type": "tableCell",
            },
          ],
          "type": "tableRow",
        },
      ],
      "type": "table",
    },
    Object {
      "type": "paragraph",
    },
  ],
  "type": "doc",
}
`;

exports[`Scales down column sizes when bodied extension parent layout changes 1`] = `
Object {
  "content": Array [
    Object {
      "content": Array [
        Object {
          "attrs": Object {
            "width": 50,
          },
          "content": Array [
            Object {
              "attrs": Object {
                "__autoSize": false,
                "isNumberColumnEnabled": false,
                "layout": "default",
              },
              "content": Array [
                Object {
                  "content": Array [
                    Object {
                      "attrs": Object {
                        "background": null,
                        "colspan": 1,
                        "colwidth": Array [
                          148,
                        ],
                        "rowspan": 1,
                      },
                      "content": Array [
                        Object {
                          "type": "paragraph",
                        },
                      ],
                      "type": "tableHeader",
                    },
                    Object {
                      "attrs": Object {
                        "background": null,
                        "colspan": 1,
                        "colwidth": Array [
                          73,
                        ],
                        "rowspan": 1,
                      },
                      "content": Array [
                        Object {
                          "type": "paragraph",
                        },
                      ],
                      "type": "tableHeader",
                    },
                    Object {
                      "attrs": Object {
                        "background": null,
                        "colspan": 1,
                        "colwidth": Array [
                          267,
                        ],
                        "rowspan": 1,
                      },
                      "content": Array [
                        Object {
                          "type": "paragraph",
                        },
                      ],
                      "type": "tableHeader",
                    },
                  ],
                  "type": "tableRow",
                },
                Object {
                  "content": Array [
                    Object {
                      "attrs": Object {
                        "background": null,
                        "colspan": 1,
                        "colwidth": Array [
                          148,
                        ],
                        "rowspan": 1,
                      },
                      "content": Array [
                        Object {
                          "type": "paragraph",
                        },
                      ],
                      "type": "tableCell",
                    },
                    Object {
                      "attrs": Object {
                        "background": null,
                        "colspan": 1,
                        "colwidth": Array [
                          73,
                        ],
                        "rowspan": 1,
                      },
                      "content": Array [
                        Object {
                          "type": "paragraph",
                        },
                      ],
                      "type": "tableCell",
                    },
                    Object {
                      "attrs": Object {
                        "background": null,
                        "colspan": 1,
                        "colwidth": Array [
                          267,
                        ],
                        "rowspan": 1,
                      },
                      "content": Array [
                        Object {
                          "type": "paragraph",
                        },
                      ],
                      "type": "tableCell",
                    },
                  ],
                  "type": "tableRow",
                },
                Object {
                  "content": Array [
                    Object {
                      "attrs": Object {
                        "background": null,
                        "colspan": 1,
                        "colwidth": Array [
                          148,
                        ],
                        "rowspan": 1,
                      },
                      "content": Array [
                        Object {
                          "type": "paragraph",
                        },
                      ],
                      "type": "tableCell",
                    },
                    Object {
                      "attrs": Object {
                        "background": null,
                        "colspan": 1,
                        "colwidth": Array [
                          73,
                        ],
                        "rowspan": 1,
                      },
                      "content": Array [
                        Object {
                          "type": "paragraph",
                        },
                      ],
                      "type": "tableCell",
                    },
                    Object {
                      "attrs": Object {
                        "background": null,
                        "colspan": 1,
                        "colwidth": Array [
                          267,
                        ],
                        "rowspan": 1,
                      },
                      "content": Array [
                        Object {
                          "type": "paragraph",
                        },
                      ],
                      "type": "tableCell",
                    },
                  ],
                  "type": "tableRow",
                },
              ],
              "type": "table",
            },
          ],
          "type": "layoutColumn",
        },
        Object {
          "attrs": Object {
            "width": 50,
          },
          "content": Array [
            Object {
              "type": "paragraph",
            },
          ],
          "type": "layoutColumn",
        },
      ],
      "marks": Array [
        Object {
          "attrs": Object {
            "mode": "wide",
          },
          "type": "breakout",
        },
      ],
      "type": "layoutSection",
    },
    Object {
      "attrs": Object {
        "extensionKey": "bodied-eh",
        "extensionType": "com.atlassian.confluence.macro.core",
        "layout": "default",
        "parameters": Object {
          "macroMetadata": Object {
            "placeholder": Array [
              Object {
                "data": Object {
                  "url": "",
                },
                "type": "icon",
              },
            ],
          },
          "macroParams": Object {},
        },
        "text": null,
      },
      "content": Array [
        Object {
          "type": "paragraph",
        },
        Object {
          "attrs": Object {
            "__autoSize": false,
            "isNumberColumnEnabled": false,
            "layout": "default",
          },
          "content": Array [
            Object {
              "content": Array [
                Object {
                  "attrs": Object {
                    "background": null,
                    "colspan": 1,
                    "colwidth": Array [
                      258,
                    ],
                    "rowspan": 1,
                  },
                  "content": Array [
                    Object {
                      "type": "paragraph",
                    },
                  ],
                  "type": "tableHeader",
                },
                Object {
                  "attrs": Object {
                    "background": null,
                    "colspan": 1,
                    "colwidth": Array [
                      223,
                    ],
                    "rowspan": 1,
                  },
                  "content": Array [
                    Object {
                      "type": "paragraph",
                    },
                  ],
                  "type": "tableHeader",
                },
                Object {
                  "attrs": Object {
                    "background": null,
                    "colspan": 1,
                    "colwidth": Array [
                      243,
                    ],
                    "rowspan": 1,
                  },
                  "content": Array [
                    Object {
                      "type": "paragraph",
                    },
                  ],
                  "type": "tableHeader",
                },
              ],
              "type": "tableRow",
            },
            Object {
              "content": Array [
                Object {
                  "attrs": Object {
                    "background": null,
                    "colspan": 1,
                    "colwidth": Array [
                      258,
                    ],
                    "rowspan": 1,
                  },
                  "content": Array [
                    Object {
                      "type": "paragraph",
                    },
                  ],
                  "type": "tableCell",
                },
                Object {
                  "attrs": Object {
                    "background": null,
                    "colspan": 1,
                    "colwidth": Array [
                      223,
                    ],
                    "rowspan": 1,
                  },
                  "content": Array [
                    Object {
                      "type": "paragraph",
                    },
                  ],
                  "type": "tableCell",
                },
                Object {
                  "attrs": Object {
                    "background": null,
                    "colspan": 1,
                    "colwidth": Array [
                      243,
                    ],
                    "rowspan": 1,
                  },
                  "content": Array [
                    Object {
                      "type": "paragraph",
                    },
                  ],
                  "type": "tableCell",
                },
              ],
              "type": "tableRow",
            },
            Object {
              "content": Array [
                Object {
                  "attrs": Object {
                    "background": null,
                    "colspan": 1,
                    "colwidth": Array [
                      258,
                    ],
                    "rowspan": 1,
                  },
                  "content": Array [
                    Object {
                      "type": "paragraph",
                    },
                  ],
                  "type": "tableCell",
                },
                Object {
                  "attrs": Object {
                    "background": null,
                    "colspan": 1,
                    "colwidth": Array [
                      223,
                    ],
                    "rowspan": 1,
                  },
                  "content": Array [
                    Object {
                      "type": "paragraph",
                    },
                  ],
                  "type": "tableCell",
                },
                Object {
                  "attrs": Object {
                    "background": null,
                    "colspan": 1,
                    "colwidth": Array [
                      243,
                    ],
                    "rowspan": 1,
                  },
                  "content": Array [
                    Object {
                      "type": "paragraph",
                    },
                  ],
                  "type": "tableCell",
                },
              ],
              "type": "tableRow",
            },
          ],
          "type": "table",
        },
      ],
      "type": "bodiedExtension",
    },
  ],
  "type": "doc",
}
`;

exports[`Scales down column sizes when parent layout changes breakout 1`] = `
Object {
  "content": Array [
    Object {
      "content": Array [
        Object {
          "attrs": Object {
            "width": 50,
          },
          "content": Array [
            Object {
              "attrs": Object {
                "__autoSize": false,
                "isNumberColumnEnabled": false,
                "layout": "default",
              },
              "content": Array [
                Object {
                  "content": Array [
                    Object {
                      "attrs": Object {
                        "background": null,
                        "colspan": 1,
                        "colwidth": Array [
                          110,
                        ],
                        "rowspan": 1,
                      },
                      "content": Array [
                        Object {
                          "type": "paragraph",
                        },
                      ],
                      "type": "tableHeader",
                    },
                    Object {
                      "attrs": Object {
                        "background": null,
                        "colspan": 1,
                        "colwidth": Array [
                          54,
                        ],
                        "rowspan": 1,
                      },
                      "content": Array [
                        Object {
                          "type": "paragraph",
                        },
                      ],
                      "type": "tableHeader",
                    },
                    Object {
                      "attrs": Object {
                        "background": null,
                        "colspan": 1,
                        "colwidth": Array [
                          198,
                        ],
                        "rowspan": 1,
                      },
                      "content": Array [
                        Object {
                          "type": "paragraph",
                        },
                      ],
                      "type": "tableHeader",
                    },
                  ],
                  "type": "tableRow",
                },
                Object {
                  "content": Array [
                    Object {
                      "attrs": Object {
                        "background": null,
                        "colspan": 1,
                        "colwidth": Array [
                          110,
                        ],
                        "rowspan": 1,
                      },
                      "content": Array [
                        Object {
                          "type": "paragraph",
                        },
                      ],
                      "type": "tableCell",
                    },
                    Object {
                      "attrs": Object {
                        "background": null,
                        "colspan": 1,
                        "colwidth": Array [
                          54,
                        ],
                        "rowspan": 1,
                      },
                      "content": Array [
                        Object {
                          "type": "paragraph",
                        },
                      ],
                      "type": "tableCell",
                    },
                    Object {
                      "attrs": Object {
                        "background": null,
                        "colspan": 1,
                        "colwidth": Array [
                          198,
                        ],
                        "rowspan": 1,
                      },
                      "content": Array [
                        Object {
                          "type": "paragraph",
                        },
                      ],
                      "type": "tableCell",
                    },
                  ],
                  "type": "tableRow",
                },
                Object {
                  "content": Array [
                    Object {
                      "attrs": Object {
                        "background": null,
                        "colspan": 1,
                        "colwidth": Array [
                          110,
                        ],
                        "rowspan": 1,
                      },
                      "content": Array [
                        Object {
                          "type": "paragraph",
                        },
                      ],
                      "type": "tableCell",
                    },
                    Object {
                      "attrs": Object {
                        "background": null,
                        "colspan": 1,
                        "colwidth": Array [
                          54,
                        ],
                        "rowspan": 1,
                      },
                      "content": Array [
                        Object {
                          "type": "paragraph",
                        },
                      ],
                      "type": "tableCell",
                    },
                    Object {
                      "attrs": Object {
                        "background": null,
                        "colspan": 1,
                        "colwidth": Array [
                          198,
                        ],
                        "rowspan": 1,
                      },
                      "content": Array [
                        Object {
                          "type": "paragraph",
                        },
                      ],
                      "type": "tableCell",
                    },
                  ],
                  "type": "tableRow",
                },
              ],
              "type": "table",
            },
          ],
          "type": "layoutColumn",
        },
        Object {
          "attrs": Object {
            "width": 50,
          },
          "content": Array [
            Object {
              "type": "paragraph",
            },
          ],
          "type": "layoutColumn",
        },
      ],
      "type": "layoutSection",
    },
    Object {
      "attrs": Object {
        "extensionKey": "bodied-eh",
        "extensionType": "com.atlassian.confluence.macro.core",
        "layout": "wide",
        "parameters": Object {
          "macroMetadata": Object {
            "placeholder": Array [
              Object {
                "data": Object {
                  "url": "",
                },
                "type": "icon",
              },
            ],
          },
          "macroParams": Object {},
        },
        "text": null,
      },
      "content": Array [
        Object {
          "type": "paragraph",
        },
        Object {
          "attrs": Object {
            "__autoSize": false,
            "isNumberColumnEnabled": false,
            "layout": "default",
          },
          "content": Array [
            Object {
              "content": Array [
                Object {
                  "attrs": Object {
                    "background": null,
                    "colspan": 1,
                    "colwidth": Array [
                      348,
                    ],
                    "rowspan": 1,
                  },
                  "content": Array [
                    Object {
                      "type": "paragraph",
                    },
                  ],
                  "type": "tableHeader",
                },
                Object {
                  "attrs": Object {
                    "background": null,
                    "colspan": 1,
                    "colwidth": Array [
                      301,
                    ],
                    "rowspan": 1,
                  },
                  "content": Array [
                    Object {
                      "type": "paragraph",
                    },
                  ],
                  "type": "tableHeader",
                },
                Object {
                  "attrs": Object {
                    "background": null,
                    "colspan": 1,
                    "colwidth": Array [
                      327,
                    ],
                    "rowspan": 1,
                  },
                  "content": Array [
                    Object {
                      "type": "paragraph",
                    },
                  ],
                  "type": "tableHeader",
                },
              ],
              "type": "tableRow",
            },
            Object {
              "content": Array [
                Object {
                  "attrs": Object {
                    "background": null,
                    "colspan": 1,
                    "colwidth": Array [
                      348,
                    ],
                    "rowspan": 1,
                  },
                  "content": Array [
                    Object {
                      "type": "paragraph",
                    },
                  ],
                  "type": "tableCell",
                },
                Object {
                  "attrs": Object {
                    "background": null,
                    "colspan": 1,
                    "colwidth": Array [
                      301,
                    ],
                    "rowspan": 1,
                  },
                  "content": Array [
                    Object {
                      "type": "paragraph",
                    },
                  ],
                  "type": "tableCell",
                },
                Object {
                  "attrs": Object {
                    "background": null,
                    "colspan": 1,
                    "colwidth": Array [
                      327,
                    ],
                    "rowspan": 1,
                  },
                  "content": Array [
                    Object {
                      "type": "paragraph",
                    },
                  ],
                  "type": "tableCell",
                },
              ],
              "type": "tableRow",
            },
            Object {
              "content": Array [
                Object {
                  "attrs": Object {
                    "background": null,
                    "colspan": 1,
                    "colwidth": Array [
                      348,
                    ],
                    "rowspan": 1,
                  },
                  "content": Array [
                    Object {
                      "type": "paragraph",
                    },
                  ],
                  "type": "tableCell",
                },
                Object {
                  "attrs": Object {
                    "background": null,
                    "colspan": 1,
                    "colwidth": Array [
                      301,
                    ],
                    "rowspan": 1,
                  },
                  "content": Array [
                    Object {
                      "type": "paragraph",
                    },
                  ],
                  "type": "tableCell",
                },
                Object {
                  "attrs": Object {
                    "background": null,
                    "colspan": 1,
                    "colwidth": Array [
                      327,
                    ],
                    "rowspan": 1,
                  },
                  "content": Array [
                    Object {
                      "type": "paragraph",
                    },
                  ],
                  "type": "tableCell",
                },
              ],
              "type": "tableRow",
            },
          ],
          "type": "table",
        },
      ],
      "type": "bodiedExtension",
    },
  ],
  "type": "doc",
}
`;
