// Jest Snapshot v1, https://goo.gl/fbAQLP

exports[` 1`] = `
"
    declare module '@atlaskit/lozenge' {

    }
  "
`;

exports[`Lozenge should do something 1`] = `
"
      declare module '@atlaskit/lozenge' {
  
      }
    "
`;
