// Jest Snapshot v1, https://goo.gl/fbAQLP

exports[`Mention Description Highlight should render Team Mention description if a team is provided 1`] = `
<TeamMentionDescriptionHighlight
  mention={
    Object {
      "accessLevel": "CONTAINER",
      "avatarUrl": "www.example.com/image.png",
      "context": Object {
        "includesYou": true,
        "memberCount": 5,
        "members": Array [
          Object {
            "id": "user-1234",
            "name": "Test User",
          },
        ],
      },
      "id": "12345",
      "name": "Test team",
      "userType": "TEAM",
    }
  }
/>
`;

exports[`Mention Description Highlight should render User Mention description if a user is provided 1`] = `
<UserMentionDescriptionHighlight
  mention={
    Object {
      "accessLevel": "CONTAINER",
      "avatarUrl": "www.example.com/image.png",
      "id": "12345",
      "nickname": "Test User",
      "userType": "APP",
    }
  }
/>
`;
