// Jest Snapshot v1, https://goo.gl/fbAQLP

exports[`GlobalNavigationItemPrimitive should render a button when an onClick prop is passed 1`] = `
<button
  className="emotion-0"
  data-test-id="GlobalNavigationItem"
  onClick={[Function]}
/>
`;
