// Jest Snapshot v1, https://goo.gl/fbAQLP

exports[`composition.ts: Support state update between composition events 1`] = `
Object {
  "content": Array [
    Object {
      "content": Array [
        Object {
          "text": "soon weâ€™ll test composition here",
          "type": "text",
        },
      ],
      "type": "paragraph",
    },
  ],
  "type": "doc",
}
`;
