// Jest Snapshot v1, https://goo.gl/fbAQLP

exports[`Using enzyme Banner snapshot should be same with data-testid 1`] = `
Array [
  .c0 {
  max-height: 52px;
  overflow: visible;
  background-color: #FFAB00;
}

.c1 {
  -webkit-align-items: center;
  -webkit-box-align: center;
  -ms-flex-align: center;
  align-items: center;
  background-color: #FFAB00;
  color: #253858;
  display: -webkit-box;
  display: -webkit-flex;
  display: -ms-flexbox;
  display: flex;
  fill: #FFAB00;
  font-weight: 500;
  -webkit-box-pack: center;
  -webkit-justify-content: center;
  -ms-flex-pack: center;
  justify-content: center;
  padding: 12px;
  text-align: center;
  margin: auto;
  -webkit-transition: color 0.25s ease-in-out;
  transition: color 0.25s ease-in-out;
}

.c1 a,
.c1 a:visited,
.c1 a:hover,
.c1 a:active,
.c1 a:focus {
  color: #253858;
  -webkit-text-decoration: underline;
  text-decoration: underline;
}

.c2 {
  -webkit-align-items: center;
  -webkit-box-align: center;
  -ms-flex-align: center;
  align-items: center;
  display: -webkit-box;
  display: -webkit-flex;
  display: -ms-flexbox;
  display: flex;
  -webkit-flex-direction: column;
  -ms-flex-direction: column;
  flex-direction: column;
  -webkit-flex: 0 0 auto;
  -ms-flex: 0 0 auto;
  flex: 0 0 auto;
}

.c3 {
  -webkit-flex: 0 1 auto;
  -ms-flex: 0 1 auto;
  flex: 0 1 auto;
  padding: 4px;
  text-overflow: ellipsis;
  white-space: nowrap;
  overflow: hidden;
}

<styled.div
    appearance="warning"
    aria-hidden={false}
    data-testid="the-banner"
    innerRef={[Function]}
    role="alert"
  >
    <div
      aria-hidden={false}
      className="c0"
      data-testid="the-banner"
      role="alert"
    >
      <styled.div
        appearance="warning"
      >
        <div
          className="c1"
        >
          <styled.span>
            <span
              className="c2"
            />
          </styled.span>
          <styled.span
            appearance="warning"
          >
            <span
              className="c3"
            >
              Your license is about to expire. Please renew your license within the next week.
            </span>
          </styled.span>
        </div>
      </styled.div>
    </div>
  </styled.div>,
  .c0 {
  max-height: 52px;
  overflow: visible;
  background-color: #FFAB00;
}

.c1 {
  -webkit-align-items: center;
  -webkit-box-align: center;
  -ms-flex-align: center;
  align-items: center;
  background-color: #FFAB00;
  color: #253858;
  display: -webkit-box;
  display: -webkit-flex;
  display: -ms-flexbox;
  display: flex;
  fill: #FFAB00;
  font-weight: 500;
  -webkit-box-pack: center;
  -webkit-justify-content: center;
  -ms-flex-pack: center;
  justify-content: center;
  padding: 12px;
  text-align: center;
  margin: auto;
  -webkit-transition: color 0.25s ease-in-out;
  transition: color 0.25s ease-in-out;
}

.c1 a,
.c1 a:visited,
.c1 a:hover,
.c1 a:active,
.c1 a:focus {
  color: #253858;
  -webkit-text-decoration: underline;
  text-decoration: underline;
}

.c2 {
  -webkit-align-items: center;
  -webkit-box-align: center;
  -ms-flex-align: center;
  align-items: center;
  display: -webkit-box;
  display: -webkit-flex;
  display: -ms-flexbox;
  display: flex;
  -webkit-flex-direction: column;
  -ms-flex-direction: column;
  flex-direction: column;
  -webkit-flex: 0 0 auto;
  -ms-flex: 0 0 auto;
  flex: 0 0 auto;
}

.c3 {
  -webkit-flex: 0 1 auto;
  -ms-flex: 0 1 auto;
  flex: 0 1 auto;
  padding: 4px;
  text-overflow: ellipsis;
  white-space: nowrap;
  overflow: hidden;
}

<div
    aria-hidden={false}
    className="c0"
    data-testid="the-banner"
    role="alert"
  >
    <styled.div
      appearance="warning"
    >
      <div
        className="c1"
      >
        <styled.span>
          <span
            className="c2"
          />
        </styled.span>
        <styled.span
          appearance="warning"
        >
          <span
            className="c3"
          >
            Your license is about to expire. Please renew your license within the next week.
          </span>
        </styled.span>
      </div>
    </styled.div>
  </div>,
]
`;
