// Jest Snapshot v1, https://goo.gl/fbAQLP

exports[`bodied-insert-media.ts: Bodied Extension: Insert Media 1`] = `
Object {
  "content": Array [
    Object {
      "attrs": Object {
        "extensionKey": "bodied-eh",
        "extensionType": "com.atlassian.confluence.macro.core",
        "layout": "default",
        "parameters": Object {
          "macroMetadata": Object {
            "placeholder": Array [
              Object {
                "data": Object {
                  "url": "",
                },
                "type": "icon",
              },
            ],
          },
          "macroParams": Object {},
        },
      },
      "content": Array [
        Object {
          "attrs": Object {
            "layout": "center",
          },
          "content": Array [
            Object {
              "attrs": Object {
                "__fileName": "example.png",
                "collection": "MediaServicesSample",
                "height": 4096,
                "id": "1234-5678-abcd-efgh",
                "type": "file",
                "width": 4096,
              },
              "type": "media",
            },
          ],
          "type": "mediaSingle",
        },
        Object {
          "type": "paragraph",
        },
      ],
      "type": "bodiedExtension",
    },
  ],
  "type": "doc",
  "version": 1,
}
`;
