// Jest Snapshot v1, https://goo.gl/fbAQLP

exports[`status.ts: Insert status into list, continue, then click back on status 1`] = `
Object {
  "content": Array [
    Object {
      "content": Array [
        Object {
          "content": Array [
            Object {
              "content": Array [
                Object {
                  "text": "abc ",
                  "type": "text",
                },
                Object {
                  "attrs": Object {
                    "color": "neutral",
                    "localId": "abc-123",
                    "style": "",
                    "text": "DONE WAITING",
                  },
                  "type": "status",
                },
                Object {
                  "text": " def",
                  "type": "text",
                },
              ],
              "type": "paragraph",
            },
          ],
          "type": "listItem",
        },
      ],
      "type": "bulletList",
    },
  ],
  "type": "doc",
}
`;
