// Jest Snapshot v1, https://goo.gl/fbAQLP

exports[`Using enzyme Modal-dialog snapshot should be same with data-testid  1`] = `
.emotion-3 {
  background-color: #FFFFFF;
  border-radius: 3px;
  box-shadow: 0 0 0 1px rgba(9,30,66,0.08),0 2px 1px rgba(9,30,66,0.08), 0 0 20px -6px rgba(9,30,66,0.31);
  color: #091E42;
  display: -webkit-box;
  display: -webkit-flex;
  display: -ms-flexbox;
  display: flex;
  -webkit-flex-direction: column;
  -ms-flex-direction: column;
  flex-direction: column;
  height: auto;
  max-height: 100%;
  outline: 0;
  pointer-events: auto;
}

@media only screen and (-ms-high-contrast:active),(-ms-high-contrast:none) {
  .emotion-3 {
    max-height: calc(100% - 1px);
  }
}

@media (min-width:320px) and (max-width:480px) {
  .emotion-3 {
    height: 100%;
    max-height: 100%;
    border-radius: 0;
  }
}

.emotion-2 {
  display: -webkit-box;
  display: -webkit-flex;
  display: -ms-flexbox;
  display: flex;
  -webkit-flex-direction: column;
  -ms-flex-direction: column;
  flex-direction: column;
  -webkit-flex: 1 1 auto;
  -ms-flex: 1 1 auto;
  flex: 1 1 auto;
  max-height: 100%;
}

@media only screen and (-ms-high-contrast:active),(-ms-high-contrast:none) {
  .emotion-2 {
    max-height: calc(100% - 1px);
  }
}

.emotion-1 {
  -webkit-flex: 1 1 auto;
  -ms-flex: 1 1 auto;
  flex: 1 1 auto;
  overflow-y: auto;
  overflow-x: hidden;
  padding: 2px 24px;
}

@media (min-width:320px) and (max-width:480px) {
  .emotion-1 {
    overflow-y: auto;
    height: 100%;
  }
}

.emotion-0 {
  -webkit-flex: 1 1 auto;
  -ms-flex: 1 1 auto;
  flex: 1 1 auto;
  padding: 0 24px;
  -webkit-flex: 1 1 auto;
  -ms-flex: 1 1 auto;
  flex: 1 1 auto;
  overflow-y: auto;
  overflow-x: hidden;
  padding: 2px 24px;
}

@media (min-width:320px) and (max-width:480px) {
  .emotion-0 {
    overflow-y: auto;
    height: 100%;
  }
}

@media (min-width:320px) and (max-width:480px) {
  .emotion-0 {
    overflow-y: auto;
    height: 100%;
  }
}

<div
  className="emotion-3"
  data-testid="iamTheDataTestId"
  role="dialog"
  tabIndex={-1}
>
  <Content
    autoFocus={false}
    components={Object {}}
    isChromeless={false}
    isHeadingMultiline={true}
    onClose={[Function]}
    shouldCloseOnEscapePress={true}
    shouldScroll={true}
    stackIndex={0}
  >
    <div
      className="emotion-2"
    >
      <ModalHeader
        isHeadingMultiline={true}
        onClose={[Function]}
        showKeyline={false}
      />
      <Styled(div)
        className="emotion-1"
      >
        <div
          className="emotion-0"
        >
          <MyContent>
            <div>
              Hello
            </div>
          </MyContent>
        </div>
      </Styled(div)>
      <ModalFooter
        onClose={[Function]}
        showKeyline={false}
      />
      <TouchProvider>
        <ScrollLock
          accountForScrollbars={true}
        >
          <Sheet
            styles="body {
      box-sizing: border-box !important;
      overflow: hidden !important;
      position: relative !important;
      
      padding-right: 1024px !important;
    }"
          />
        </ScrollLock>
      </TouchProvider>
    </div>
  </Content>
</div>
`;

exports[`Using react-test-library Modal should be found by data-testid Using container snapshot 1`] = `<div />`;
