// Jest Snapshot v1, https://goo.gl/fbAQLP

exports[`WYSIWYG Comparison: actions 1`] = `
Object {
  "consistency": "100%",
  "divergence": 0,
}
`;

exports[`WYSIWYG Comparison: blockquote 1`] = `
Object {
  "consistency": "92.29%",
  "divergence": 0.07712418300653595,
}
`;

exports[`WYSIWYG Comparison: bullet list 1`] = `
Object {
  "consistency": "99.98%",
  "divergence": 0.0001513840830449827,
}
`;

exports[`WYSIWYG Comparison: codeblock 1`] = `
Object {
  "consistency": "97.87%",
  "divergence": 0.021318527410964384,
}
`;

exports[`WYSIWYG Comparison: date 1`] = `
Object {
  "consistency": "98.79%",
  "divergence": 0.012096774193548387,
}
`;

exports[`WYSIWYG Comparison: decisions 1`] = `
Object {
  "consistency": "100%",
  "divergence": 0,
}
`;

exports[`WYSIWYG Comparison: divider 1`] = `
Object {
  "consistency": "100%",
  "divergence": 0,
}
`;

exports[`WYSIWYG Comparison: emoji 1`] = `
Object {
  "consistency": "98.68%",
  "divergence": 0.01318785578747628,
}
`;

exports[`WYSIWYG Comparison: heading 1`] = `
Object {
  "consistency": "98.92%",
  "divergence": 0.010814203730272597,
}
`;

exports[`WYSIWYG Comparison: mention 1`] = `
Object {
  "consistency": "99.29%",
  "divergence": 0.007068311195445921,
}
`;

exports[`WYSIWYG Comparison: ordered list 1`] = `
Object {
  "consistency": "99.98%",
  "divergence": 0.0001513840830449827,
}
`;

exports[`WYSIWYG Comparison: panel 1`] = `
Object {
  "consistency": "100%",
  "divergence": 0,
}
`;

exports[`WYSIWYG Comparison: paragraph 1`] = `
Object {
  "consistency": "92.83%",
  "divergence": 0.07167755991285403,
}
`;

exports[`WYSIWYG Comparison: status 1`] = `
Object {
  "consistency": "99.33%",
  "divergence": 0.006688804554079697,
}
`;

exports[`WYSIWYG Comparison: table 1`] = `
Object {
  "consistency": "95.01%",
  "divergence": 0.04986787683823529,
}
`;
