// Jest Snapshot v1, https://goo.gl/fbAQLP

exports[`WYSIWYG Comparison: actions inside columns 1`] = `
Object {
  "consistency": "92.05%",
  "divergence": 0.0794590856144438,
}
`;

exports[`WYSIWYG Comparison: actions inside panel 1`] = `
Object {
  "consistency": "88.85%",
  "divergence": 0.11146304675716441,
}
`;

exports[`WYSIWYG Comparison: actions inside table 1`] = `
Object {
  "consistency": "95.1%",
  "divergence": 0.04896861429135413,
}
`;

exports[`WYSIWYG Comparison: blockquote inside columns 1`] = `
Object {
  "consistency": "84.67%",
  "divergence": 0.1533067464273845,
}
`;

exports[`WYSIWYG Comparison: blockquote inside panel 1`] = `
Object {
  "consistency": "88.85%",
  "divergence": 0.11146304675716441,
}
`;

exports[`WYSIWYG Comparison: blockquote inside table 1`] = `
Object {
  "consistency": "79.3%",
  "divergence": 0.20697448096885812,
}
`;

exports[`WYSIWYG Comparison: bullet list inside columns 1`] = `
Object {
  "consistency": "97.23%",
  "divergence": 0.027658045977011495,
}
`;

exports[`WYSIWYG Comparison: bullet list inside panel 1`] = `
Object {
  "consistency": "99.99%",
  "divergence": 0.00014450867052023122,
}
`;

exports[`WYSIWYG Comparison: bullet list inside table 1`] = `
Object {
  "consistency": "98.36%",
  "divergence": 0.016435415974299324,
}
`;

exports[`WYSIWYG Comparison: codeblock inside columns 1`] = `
Object {
  "consistency": "96.11%",
  "divergence": 0.038887347391786904,
}
`;

exports[`WYSIWYG Comparison: codeblock inside panel 1`] = `
Object {
  "consistency": "99.99%",
  "divergence": 0.00014450867052023122,
}
`;

exports[`WYSIWYG Comparison: codeblock inside table 1`] = `
Object {
  "consistency": "97.17%",
  "divergence": 0.028300070028011205,
}
`;

exports[`WYSIWYG Comparison: date inside columns 1`] = `
Object {
  "consistency": "94.1%",
  "divergence": 0.05897435897435897,
}
`;

exports[`WYSIWYG Comparison: date inside panel 1`] = `
Object {
  "consistency": "99%",
  "divergence": 0.01001589825119237,
}
`;

exports[`WYSIWYG Comparison: date inside table 1`] = `
Object {
  "consistency": "95.27%",
  "divergence": 0.04728213507625272,
}
`;

exports[`WYSIWYG Comparison: decisions inside columns 1`] = `
Object {
  "consistency": "91.57%",
  "divergence": 0.08433677926616191,
}
`;

exports[`WYSIWYG Comparison: decisions inside panel 1`] = `
Object {
  "consistency": "99%",
  "divergence": 0.01001589825119237,
}
`;

exports[`WYSIWYG Comparison: decisions inside table 1`] = `
Object {
  "consistency": "94.93%",
  "divergence": 0.05066127121989736,
}
`;

exports[`WYSIWYG Comparison: divider inside columns 1`] = `
Object {
  "consistency": "100%",
  "divergence": 0,
}
`;

exports[`WYSIWYG Comparison: divider inside panel 1`] = `
Object {
  "consistency": "99%",
  "divergence": 0.01001589825119237,
}
`;

exports[`WYSIWYG Comparison: divider inside table 1`] = `
Object {
  "consistency": "97.7%",
  "divergence": 0.02303921568627451,
}
`;

exports[`WYSIWYG Comparison: emoji inside columns 1`] = `
Object {
  "consistency": "91.27%",
  "divergence": 0.08729260935143288,
}
`;

exports[`WYSIWYG Comparison: emoji inside panel 1`] = `
Object {
  "consistency": "98.9%",
  "divergence": 0.010969793322734499,
}
`;

exports[`WYSIWYG Comparison: emoji inside table 1`] = `
Object {
  "consistency": "94.24%",
  "divergence": 0.05759259259259259,
}
`;

exports[`WYSIWYG Comparison: heading inside columns 1`] = `
Object {
  "consistency": "91.31%",
  "divergence": 0.0868976846057572,
}
`;

exports[`WYSIWYG Comparison: heading inside panel 1`] = `
Object {
  "consistency": "99.04%",
  "divergence": 0.009599224305106659,
}
`;

exports[`WYSIWYG Comparison: heading inside table 1`] = `
Object {
  "consistency": "95.14%",
  "divergence": 0.04861150770988007,
}
`;

exports[`WYSIWYG Comparison: mention inside columns 1`] = `
Object {
  "consistency": "94.95%",
  "divergence": 0.050490196078431374,
}
`;

exports[`WYSIWYG Comparison: mention inside panel 1`] = `
Object {
  "consistency": "99.42%",
  "divergence": 0.005802861685214627,
}
`;

exports[`WYSIWYG Comparison: mention inside table 1`] = `
Object {
  "consistency": "95.7%",
  "divergence": 0.042984749455337694,
}
`;

exports[`WYSIWYG Comparison: ordered list inside columns 1`] = `
Object {
  "consistency": "96.92%",
  "divergence": 0.030802062204192023,
}
`;

exports[`WYSIWYG Comparison: ordered list inside panel 1`] = `
Object {
  "consistency": "99.99%",
  "divergence": 0.00014450867052023122,
}
`;

exports[`WYSIWYG Comparison: ordered list inside table 1`] = `
Object {
  "consistency": "98.2%",
  "divergence": 0.01796831727041099,
}
`;

exports[`WYSIWYG Comparison: paragraph inside columns 1`] = `
Object {
  "consistency": "83.65%",
  "divergence": 0.16347402597402597,
}
`;

exports[`WYSIWYG Comparison: paragraph inside panel 1`] = `
Object {
  "consistency": "93.61%",
  "divergence": 0.06387254901960784,
}
`;

exports[`WYSIWYG Comparison: paragraph inside table 1`] = `
Object {
  "consistency": "80.01%",
  "divergence": 0.19986663783160322,
}
`;

exports[`WYSIWYG Comparison: status inside columns 1`] = `
Object {
  "consistency": "88.85%",
  "divergence": 0.11146304675716441,
}
`;

exports[`WYSIWYG Comparison: status inside panel 1`] = `
Object {
  "consistency": "99.49%",
  "divergence": 0.005127186009538951,
}
`;

exports[`WYSIWYG Comparison: status inside table 1`] = `
Object {
  "consistency": "94.76%",
  "divergence": 0.05239651416122004,
}
`;
