// Jest Snapshot v1, https://goo.gl/fbAQLP

exports[`ADF => WikiMarkup - Mention should convert mention node 1`] = `"Hey [~accountid:supertong], please take a look at this."`;

exports[`ADF => WikiMarkup - Mention should convert mention node with context 1`] = `"Hey [~randomPrefix:abc-123], please take a look at this."`;
