// Jest Snapshot v1, https://goo.gl/fbAQLP

exports[`hyperlink-markdown-paste-text.ts: Link - link markdown with pasting link text comment editor 1`] = `
Object {
  "content": Array [
    Object {
      "content": Array [
        Object {
          "marks": Array [
            Object {
              "attrs": Object {
                "href": "https://hello.com",
              },
              "type": "link",
            },
          ],
          "text": "link1",
          "type": "text",
        },
      ],
      "type": "paragraph",
    },
  ],
  "type": "doc",
  "version": 1,
}
`;

exports[`hyperlink-markdown-paste-text.ts: Link - link markdown with pasting link text fullpage editor 1`] = `
Object {
  "content": Array [
    Object {
      "content": Array [
        Object {
          "marks": Array [
            Object {
              "attrs": Object {
                "href": "https://hello.com",
              },
              "type": "link",
            },
          ],
          "text": "link1",
          "type": "text",
        },
      ],
      "type": "paragraph",
    },
  ],
  "type": "doc",
  "version": 1,
}
`;
